lo              up
      link:     #1, state up
      type:     loopback
      control:  persistent
      config:   compat:suse:/etc/sysconfig/network/ifcfg-lo,
                uuid: 1040df49-3c8f-515e-abe4-0aa3134b1a21
      leases:   ipv4 static granted
      leases:   ipv6 static granted
      addr:     ipv4 127.0.0.1/8 [static]
      addr:     ipv6 ::1/128 [static]
      route:    ipv6 ::1/128 dev #0 type local table main scope universe protocol kernel priority 256

em1             up
      link:     #2, state up, mtu 1500
      type:     ethernet, hwaddr 99:99:99:99:99:99
      control:  none
      config:   compat:suse:/etc/sysconfig/network/ifcfg-em1,
                uuid: 2c1933h4-e982-50f4-96ae-929556183dd3
      leases:   ipv4 dhcp granted [group]
      leases:   ipv6 dhcp requesting [group]
      addr:     ipv6 fe80::9a90:96ff:fed1:f2b2/64
      addr:     ipv4 10.163.2.8/28 [dhcp]
      route:    ipv4 0.0.0.0/0 via 10.163.2.1 dev #0 type unicast table main scope universe protocol dhcp
      route:    ipv4 10.163.2.0/28 dev #0 type unicast table main scope link protocol kernel pref-src 10.163.2.8
      route:    ipv6 fe80::/64 dev #0 type unicast table main scope universe protocol kernel priority 256
